// Jest Snapshot v1, https://goo.gl/fbAQLP

exports[`Header component renders the header correctly renders correctly 1`] = `
ShallowWrapper {
  "length": 1,
  Symbol(enzyme.__root__): [Circular],
  Symbol(enzyme.__unrendered__): <Header
    handleSearchTermChange={[Function]}
    handleSubmitSearchTerm={[Function]}
    searchTerm="test"
    windowWidth={800}
/>,
  Symbol(enzyme.__renderer__): Object {
    "batchedUpdates": [Function],
    "getNode": [Function],
    "render": [Function],
    "simulateEvent": [Function],
    "unmount": [Function],
  },
  Symbol(enzyme.__node__): Object {
    "instance": null,
    "key": undefined,
    "nodeType": "host",
    "props": Object {
      "children": Array [
        <HeaderTitle
          handleSearchTermChange={[Function]}
          handleSubmitSearchTerm={[Function]}
          searchTerm="test"
          windowWidth={800}
/>,
        <SearchBar
          handleSearchTermChange={[Function]}
          handleSubmitSearchTerm={[Function]}
          searchTerm="test"
          windowWidth={800}
/>,
      ],
      "className": "header-container",
    },
    "ref": null,
    "rendered": Array [
      Object {
        "instance": null,
        "key": undefined,
        "nodeType": "function",
        "props": Object {
          "handleSearchTermChange": [Function],
          "handleSubmitSearchTerm": [Function],
          "searchTerm": "test",
          "windowWidth": 800,
        },
        "ref": null,
        "rendered": null,
        "type": [Function],
      },
      Object {
        "instance": null,
        "key": undefined,
        "nodeType": "function",
        "props": Object {
          "handleSearchTermChange": [Function],
          "handleSubmitSearchTerm": [Function],
          "searchTerm": "test",
          "windowWidth": 800,
        },
        "ref": null,
        "rendered": null,
        "type": [Function],
      },
    ],
    "type": "div",
  },
  Symbol(enzyme.__nodes__): Array [
    Object {
      "instance": null,
      "key": undefined,
      "nodeType": "host",
      "props": Object {
        "children": Array [
          <HeaderTitle
            handleSearchTermChange={[Function]}
            handleSubmitSearchTerm={[Function]}
            searchTerm="test"
            windowWidth={800}
/>,
          <SearchBar
            handleSearchTermChange={[Function]}
            handleSubmitSearchTerm={[Function]}
            searchTerm="test"
            windowWidth={800}
/>,
        ],
        "className": "header-container",
      },
      "ref": null,
      "rendered": Array [
        Object {
          "instance": null,
          "key": undefined,
          "nodeType": "function",
          "props": Object {
            "handleSearchTermChange": [Function],
            "handleSubmitSearchTerm": [Function],
            "searchTerm": "test",
            "windowWidth": 800,
          },
          "ref": null,
          "rendered": null,
          "type": [Function],
        },
        Object {
          "instance": null,
          "key": undefined,
          "nodeType": "function",
          "props": Object {
            "handleSearchTermChange": [Function],
            "handleSubmitSearchTerm": [Function],
            "searchTerm": "test",
            "windowWidth": 800,
          },
          "ref": null,
          "rendered": null,
          "type": [Function],
        },
      ],
      "type": "div",
    },
  ],
  Symbol(enzyme.__options__): Object {
    "adapter": ReactSixteenAdapter {
      "options": Object {
        "enableComponentDidUpdateOnSetState": true,
      },
    },
  },
}
`;
